---
source: src/response/delta.rs
expression: line
---
{
  "protocol": {
    "deltaProtocol": {
      "minReaderVersion": 1,
      "minWriterVersion": 2,
      "readerFeatures": null,
      "writerFeatures": null
    }
  }
}
