---
source: src/response/parquet.rs
expression: line
---
{
  "protocol": {
    "minReaderVersion": 1
  }
}
