---
source: tests/api.rs
expression: response.text().await
---
{"protocol":{"minReaderVersion":1}}
{"metaData":{"id":"9f760748-1ae1-4ac5-bc9f-b8905ba72d80","format":{"provider":"parquet"},"schemaString":"{\"type\":\"struct\",\"fields\":[{\"name\":\"letter\",\"type\":\"string\",\"nullable\":true,\"metadata\":{}},{\"name\":\"number\",\"type\":\"long\",\"nullable\":true,\"metadata\":{}},{\"name\":\"a_float\",\"type\":\"double\",\"nullable\":true,\"metadata\":{}}]}","partitionColumns":[]}}
{"file":{"url":"./tests/data/basic_append/part-00000-c156ac8b-f738-4479-803d-750072dd4c51-c000.snappy.parquet","id":"","partitionValues":{},"size":0}}
{"file":{"url":"./tests/data/basic_append/part-00000-ef42f28f-e8e8-4d54-b51f-c3af96c72a44-c000.snappy.parquet","id":"","partitionValues":{},"size":0}}

