---
source: tests/api.rs
expression: response.text().await
---
{"items":[{"name":"foo_share","id":"foo_share_id"},{"name":"share1","id":"share1_id"}]}
