---
source: tests/api.rs
expression: response.text().await
---
{"items":[{"name":"share1","id":"share1_id"}]}
