---
source: tests/api.rs
expression: response_text
---
{"items":[{"name":"schema2","share":"share1"},{"name":"schema1","share":"share1"}]}
