---
source: tests/api.rs
expression: response.text().await
---
{"items":[{"name":"share1"}],"nextPageToken":"1"}
