---
source: tests/api.rs
expression: response_text
---

