---
source: tests/api.rs
expression: response_text
---
{"share":{"name":"share1","id":"[id]"}}
