---
source: tests/api.rs
expression: response_text
---
{"items":[{"name":"table1","schema":"schema1","share":"share1","shareId":"[id]","id":"[id]"},{"name":"table2","schema":"schema1","share":"share1","shareId":"[id]","id":"[id]"}]}
