---
source: tests/api.rs
expression: response.text().await
---
{"errorCode":"INVALID_PARAMETER_VALUE","message":"the `pageToken` query parameter is invalid"}
