---
source: tests/api.rs
expression: response.text().await
---
{"items":[{"name":"table1","schema":"schema1","share":"share1","shareId":"share1_id","id":"table1_id"}]}
