---
source: src/state.rs
expression: response
---
{
  "version": 17
}
